[     498ms] [ERROR] Failed to load resource: the server responded with a status of 403 () @ https://clay-atlas.com/wp-content/plugins/email-subscribers/lite/public/css/email-subscribers-public.css?ver=5.9.28:0
[     513ms] [LOG] JQMIGRATE: Migrate is installed, version 3.4.1 @ https://c0.wp.com/c/7.0.2/wp-includes/js/jquery/jquery-migrate.min.js:1
[     626ms] [ERROR] Failed to load resource: the server responded with a status of 403 () @ https://clay-atlas.com/wp-content/plugins/email-subscribers/lite/public/js/email-subscribers-public.js?ver=5.9.28:0
[     774ms] [ERROR] Failed to load resource: the server responded with a status of 403 () @ https://clay-atlas.com/wp-content/plugins/bluehost-wordpress-plugin/vendor/newfold-labs/wp-module-performance/build/assets/link-prefetch.min.js?ver=4.17.1:0
[    3439ms] [ERROR] Failed to load resource: the server responded with a status of 404 () @ https://googleads.g.doubleclick.net/pagead/html/r20260720/r20190131/mraid.js:0
[    3524ms] [ERROR] Attestation check for Shared Storage on https://www.googleadservices.com failed. @ https://www.googleadservices.com/pagead/managed/js/activeview/current/reach_worklet.html:0
[    3536ms] [ERROR] Attestation check for Shared Storage on https://www.googleadservices.com failed. @ https://www.googleadservices.com/pagead/managed/js/activeview/current/reach_worklet.html:0
[    4381ms] [ERROR] Refused to execute script from 'https://googleads.g.doubleclick.net/pagead/html/r20260720/r20190131/mraid.js' because its MIME type ('text/html') is not executable, and strict MIME type checking is enabled. @ https://googleads.g.doubleclick.net/pagead/html/r20260720/r20190131/zrt_lookup_fy2021.html:0
[    3524ms] [ERROR] Attestation check for Shared Storage on https://www.googleadservices.com failed. @ https://www.googleadservices.com/pagead/managed/js/activeview/current/reach_worklet.html:0
[    3536ms] [ERROR] Attestation check for Shared Storage on https://www.googleadservices.com failed. @ https://www.googleadservices.com/pagead/managed/js/activeview/current/reach_worklet.html:0
[    4473ms] [ERROR] Attestation check for Shared Storage on https://www.googleadservices.com failed. @ https://www.googleadservices.com/pagead/managed/js/activeview/current/reach_worklet.html:0
[    3524ms] [ERROR] Attestation check for Shared Storage on https://www.googleadservices.com failed. @ https://www.googleadservices.com/pagead/managed/js/activeview/current/reach_worklet.html:0
[    3536ms] [ERROR] Attestation check for Shared Storage on https://www.googleadservices.com failed. @ https://www.googleadservices.com/pagead/managed/js/activeview/current/reach_worklet.html:0
[    4473ms] [ERROR] Attestation check for Shared Storage on https://www.googleadservices.com failed. @ https://www.googleadservices.com/pagead/managed/js/activeview/current/reach_worklet.html:0
[   12054ms] [ERROR] Attestation check for Shared Storage on https://www.googleadservices.com failed. @ https://www.googleadservices.com/pagead/managed/js/activeview/current/reach_worklet.html:0
[   13941ms] [ERROR] Failed to load resource: net::ERR_CONNECTION_RESET @ https://ep2.adtrafficquality.google/sodar/VFc2VJAc.js:0
[   18401ms] Failed to read a named property 'document' from 'Window': Blocked a frame with origin "null" from accessing a cross-origin frame.
[   23746ms] [ERROR] Failed to load resource: net::ERR_CONNECTION_RESET @ https://a.rfihub.com/cm?pub=445&in=1&google_gid=CAESEBJ0spNZnFLyP4d95CnX2_M&google_cver=1&google_push=AXcoOmS7sTo9I9B_F2hW0evw5ulUqdyNBvbiwzxiROFmd2_QKJhBHkBYNYI7gdZYNBGRbRxMUxu3xgIOuVcqrtGfVNWtUFel7-4LPc7EJAEScVlHOoaK4ke6udINvu5JfNVPgnW9M6ELB13A8rc:0
[   39636ms] [ERROR] Failed to load resource: net::ERR_CONNECTION_CLOSED @ https://a.sportradarserving.com/sync?ssp=bidswitch&bidswitch_ssp_id=google&gdpr=&gdpr_consent=:0
[   48518ms] [ERROR] Failed to load resource: net::ERR_CONNECTION_CLOSED @ https://ep2.adtrafficquality.google/sodar/sodar2.js:0
[   48517ms] Uncaught (in promise) undefined
    at f.onerror (https://pagead2.googlesyndication.com/pagead/managed/js/adsense/m202607160101/show_ads_impl_fy2021.js:93:412)
[ 6974713ms] [ERROR] Blocked aria-hidden on a <body> element because it would hide the entire accessibility tree from assistive technology users. For more details, see the aria-hidden section of the WAI-ARIA specification at https://w3c.github.io/aria/#aria-hidden. @ https://clay-atlas.com/us/blog/2024/11/02/en-python-fastapi-server-sent-events-sse/#google_vignette:0
[ 8949479ms] [ERROR] Blocked aria-hidden on a <body> element because it would hide the entire accessibility tree from assistive technology users. For more details, see the aria-hidden section of the WAI-ARIA specification at https://w3c.github.io/aria/#aria-hidden. @ https://googleads.g.doubleclick.net/pagead/html/r20260720/r20190131/zrt_lookup_fy2021.html#RS-0-&adk=3105533548&client=ca-pub-5018964120096873&fa=8&ifi=2&uci=a!2:0
